.....FF........FF......                                                  [100%]
================================== FAILURES ===================================
_________________________ test_animal_crud_full_cycle _________________________

client = <FlaskClient <Flask 'app'>>

    def test_animal_crud_full_cycle(client):
        """
        Testa o ciclo completo: Criar -> Editar -> Deletar Animal.
        ESTRAT╔GIA: Login Real (mais robusto que injetar sessÒo).
        """
    
        # 1. Setup: Criar Usußrio
        rand_int = random.randint(1000, 99999)
        email = f"crud_real_{rand_int}@test.com"
        senha = "123"
    
        # Registrar
        reg = client.post("/auth/register", json={
            "nome": "Dono Real",
            "email": email,
            "senha": senha
        })
>       assert reg.status_code in (200, 201)
E       assert 500 in (200, 201)
E        +  where 500 = <WrapperTestResponse streamed [500 INTERNAL SERVER ERROR]>.status_code

tests\test_animal_update.py:22: AssertionError
------------------------------ Captured log call ------------------------------
ERROR    app:auth_controller.py:48 Erro ao registrar usußrio
Traceback (most recent call last):
  File "C:\Users\ana\Desktop\trabalho-conclusao-curso\backend\app\controllers\auth_controller.py", line 35, in register
    cur.execute(
    ~~~~~~~~~~~^
        """
        ^^^
    ...<3 lines>...
        (nome, email, senha_hash),
        ^^^^^^^^^^^^^^^^^^^^^^^^^^
    )
    ^
  File "C:\Users\ana\Desktop\trabalho-conclusao-curso\backend\venv\Lib\site-packages\mysql\connector\cursor.py", line 416, in execute
    self._connection.cmd_query(
    ~~~~~~~~~~~~~~~~~~~~~~~~~~^
        self._stmt_partition["mappable_stmt"],
        ^^^^^^^^^^^^^^^^^^^^^^^^^^^^^^^^^^^^^^
        read_timeout=self._read_timeout,
        ^^^^^^^^^^^^^^^^^^^^^^^^^^^^^^^^
        write_timeout=self._write_timeout,
        ^^^^^^^^^^^^^^^^^^^^^^^^^^^^^^^^^^
    )
    ^
  File "C:\Users\ana\Desktop\trabalho-conclusao-curso\backend\venv\Lib\site-packages\mysql\connector\opentelemetry\context_propagation.py", line 97, in wrapper
    return method(cnx, *args, **kwargs)
  File "C:\Users\ana\Desktop\trabalho-conclusao-curso\backend\venv\Lib\site-packages\mysql\connector\_decorating.py", line 89, in handle_cnx_method
    raise err
  File "C:\Users\ana\Desktop\trabalho-conclusao-curso\backend\venv\Lib\site-packages\mysql\connector\_decorating.py", line 85, in handle_cnx_method
    return cnx_method(cnx, *args, **kwargs)
  File "C:\Users\ana\Desktop\trabalho-conclusao-curso\backend\venv\Lib\site-packages\mysql\connector\connection.py", line 984, in cmd_query
    result = self._handle_result(
        self._send_cmd(
    ...<6 lines>...
        write_timeout,
    )
  File "C:\Users\ana\Desktop\trabalho-conclusao-curso\backend\venv\Lib\site-packages\mysql\connector\_decorating.py", line 89, in handle_cnx_method
    raise err
  File "C:\Users\ana\Desktop\trabalho-conclusao-curso\backend\venv\Lib\site-packages\mysql\connector\_decorating.py", line 85, in handle_cnx_method
    return cnx_method(cnx, *args, **kwargs)
  File "C:\Users\ana\Desktop\trabalho-conclusao-curso\backend\venv\Lib\site-packages\mysql\connector\connection.py", line 745, in _handle_result
    raise get_exception(packet)
mysql.connector.errors.ProgrammingError: 1054 (42S22): Unknown column 'senha_hash' in 'field list'
_____________________ test_animal_crud_full_cycle_mocked ______________________

mock_require_auth = <MagicMock name='_require_auth' id='2033775607296'>
client = <FlaskClient <Flask 'app'>>

    @patch(AUTH_PATH)
    def test_animal_crud_full_cycle_mocked(mock_require_auth, client):
        """
        Testa o ciclo completo: Criar -> Editar -> Deletar Animal,
        usando Mock para forþar a autenticaþÒo (resolve o erro 401).
        """
    
        # 1. Setup: Criar Usußrio Novo e Limpo
        rand_int = random.randint(10000, 99999)
        email = f"crud_mock_{rand_int}@test.com"
        senha = "123"
    
        # Registrar
        client.post("/auth/register", json={
            "nome": "Dono Mock", "email": email, "senha": senha
        })
    
        # Pega o ID Real no Banco
        uid = None
        with db() as conn:
            with conn.cursor(dictionary=True) as cur:
                cur.execute("SELECT id FROM usuarios WHERE email=%s", (email,))
                row = cur.fetchone()
                if row: uid = row['id']
>       assert uid is not None, "Usußrio registrado nÒo encontrado no banco."
E       AssertionError: Usußrio registrado nÒo encontrado no banco.
E       assert None is not None

tests\test_animal_update_mock.py:37: AssertionError
------------------------------ Captured log call ------------------------------
ERROR    app:auth_controller.py:48 Erro ao registrar usußrio
Traceback (most recent call last):
  File "C:\Users\ana\Desktop\trabalho-conclusao-curso\backend\app\controllers\auth_controller.py", line 35, in register
    cur.execute(
    ~~~~~~~~~~~^
        """
        ^^^
    ...<3 lines>...
        (nome, email, senha_hash),
        ^^^^^^^^^^^^^^^^^^^^^^^^^^
    )
    ^
  File "C:\Users\ana\Desktop\trabalho-conclusao-curso\backend\venv\Lib\site-packages\mysql\connector\cursor.py", line 416, in execute
    self._connection.cmd_query(
    ~~~~~~~~~~~~~~~~~~~~~~~~~~^
        self._stmt_partition["mappable_stmt"],
        ^^^^^^^^^^^^^^^^^^^^^^^^^^^^^^^^^^^^^^
        read_timeout=self._read_timeout,
        ^^^^^^^^^^^^^^^^^^^^^^^^^^^^^^^^
        write_timeout=self._write_timeout,
        ^^^^^^^^^^^^^^^^^^^^^^^^^^^^^^^^^^
    )
    ^
  File "C:\Users\ana\Desktop\trabalho-conclusao-curso\backend\venv\Lib\site-packages\mysql\connector\opentelemetry\context_propagation.py", line 97, in wrapper
    return method(cnx, *args, **kwargs)
  File "C:\Users\ana\Desktop\trabalho-conclusao-curso\backend\venv\Lib\site-packages\mysql\connector\_decorating.py", line 89, in handle_cnx_method
    raise err
  File "C:\Users\ana\Desktop\trabalho-conclusao-curso\backend\venv\Lib\site-packages\mysql\connector\_decorating.py", line 85, in handle_cnx_method
    return cnx_method(cnx, *args, **kwargs)
  File "C:\Users\ana\Desktop\trabalho-conclusao-curso\backend\venv\Lib\site-packages\mysql\connector\connection.py", line 984, in cmd_query
    result = self._handle_result(
        self._send_cmd(
    ...<6 lines>...
        write_timeout,
    )
  File "C:\Users\ana\Desktop\trabalho-conclusao-curso\backend\venv\Lib\site-packages\mysql\connector\_decorating.py", line 89, in handle_cnx_method
    raise err
  File "C:\Users\ana\Desktop\trabalho-conclusao-curso\backend\venv\Lib\site-packages\mysql\connector\_decorating.py", line 85, in handle_cnx_method
    return cnx_method(cnx, *args, **kwargs)
  File "C:\Users\ana\Desktop\trabalho-conclusao-curso\backend\venv\Lib\site-packages\mysql\connector\connection.py", line 745, in _handle_result
    raise get_exception(packet)
mysql.connector.errors.ProgrammingError: 1054 (42S22): Unknown column 'senha_hash' in 'field list'
____________________ test_auth_me_and_logout_session_based ____________________

client = <FlaskClient <Flask 'app'>>
monkeypatch = <_pytest.monkeypatch.MonkeyPatch object at 0x000001D98679B450>

    def test_auth_me_and_logout_session_based(client, monkeypatch):
        """
        Testa o fluxo completo, DESATIVANDO a seguranþa de cookie HTTPS para funcionar no teste.
        """
    
        # === [A CORREÃ├O M┴GICA EST┴ AQUI] ===
        # Forþa o Flask a aceitar cookies via HTTP simples (sem cadeado)
        client.application.config['SESSION_COOKIE_SECURE'] = False
        client.application.config['SESSION_COOKIE_DOMAIN'] = None
        # ======================================
    
        # 1. Gerar email ·nico
        random_id = random.randint(1000, 99999)
        email = f"test_session_{random_id}@example.com"
        senha = "teste_senha_segura"
    
        # 2. Registrar o usußrio
        res_reg = client.post("/auth/register", json={
            "nome": "Usuario Teste Sessao",
            "email": email,
            "senha": senha
        })
>       assert res_reg.status_code in (200, 201), f"Falha reg: {res_reg.get_data(as_text=True)}"
E       AssertionError: Falha reg: {"error":"internal_error","ok":false}
E         
E       assert 500 in (200, 201)
E        +  where 500 = <WrapperTestResponse streamed [500 INTERNAL SERVER ERROR]>.status_code

tests\test_auth_and_health.py:34: AssertionError
------------------------------ Captured log call ------------------------------
ERROR    app:auth_controller.py:48 Erro ao registrar usußrio
Traceback (most recent call last):
  File "C:\Users\ana\Desktop\trabalho-conclusao-curso\backend\app\controllers\auth_controller.py", line 35, in register
    cur.execute(
    ~~~~~~~~~~~^
        """
        ^^^
    ...<3 lines>...
        (nome, email, senha_hash),
        ^^^^^^^^^^^^^^^^^^^^^^^^^^
    )
    ^
  File "C:\Users\ana\Desktop\trabalho-conclusao-curso\backend\venv\Lib\site-packages\mysql\connector\cursor.py", line 416, in execute
    self._connection.cmd_query(
    ~~~~~~~~~~~~~~~~~~~~~~~~~~^
        self._stmt_partition["mappable_stmt"],
        ^^^^^^^^^^^^^^^^^^^^^^^^^^^^^^^^^^^^^^
        read_timeout=self._read_timeout,
        ^^^^^^^^^^^^^^^^^^^^^^^^^^^^^^^^
        write_timeout=self._write_timeout,
        ^^^^^^^^^^^^^^^^^^^^^^^^^^^^^^^^^^
    )
    ^
  File "C:\Users\ana\Desktop\trabalho-conclusao-curso\backend\venv\Lib\site-packages\mysql\connector\opentelemetry\context_propagation.py", line 97, in wrapper
    return method(cnx, *args, **kwargs)
  File "C:\Users\ana\Desktop\trabalho-conclusao-curso\backend\venv\Lib\site-packages\mysql\connector\_decorating.py", line 89, in handle_cnx_method
    raise err
  File "C:\Users\ana\Desktop\trabalho-conclusao-curso\backend\venv\Lib\site-packages\mysql\connector\_decorating.py", line 85, in handle_cnx_method
    return cnx_method(cnx, *args, **kwargs)
  File "C:\Users\ana\Desktop\trabalho-conclusao-curso\backend\venv\Lib\site-packages\mysql\connector\connection.py", line 984, in cmd_query
    result = self._handle_result(
        self._send_cmd(
    ...<6 lines>...
        write_timeout,
    )
  File "C:\Users\ana\Desktop\trabalho-conclusao-curso\backend\venv\Lib\site-packages\mysql\connector\_decorating.py", line 89, in handle_cnx_method
    raise err
  File "C:\Users\ana\Desktop\trabalho-conclusao-curso\backend\venv\Lib\site-packages\mysql\connector\_decorating.py", line 85, in handle_cnx_method
    return cnx_method(cnx, *args, **kwargs)
  File "C:\Users\ana\Desktop\trabalho-conclusao-curso\backend\venv\Lib\site-packages\mysql\connector\connection.py", line 745, in _handle_result
    raise get_exception(packet)
mysql.connector.errors.ProgrammingError: 1054 (42S22): Unknown column 'senha_hash' in 'field list'
___________________________ test_register_and_login ___________________________

client = <FlaskClient <Flask 'app'>>

    def test_register_and_login(client):
        # SoluþÒo: Criar um email ·nico usando timestamp ou random
        random_id = random.randint(1000, 9999)
        email_unico = f"test_{random_id}@example.com"
    
        # payload com email dinÔmico
        payload = {"nome": "Test", "email": email_unico, "senha": "senha123"}
    
        r = client.post("/auth/register", json=payload)
    
        # Se ainda der 400, verifique a mensagem de erro:
        if r.status_code == 400:
            print(f"Erro no registro: {r.get_data(as_text=True)}")
    
>       assert r.status_code in (200, 201)
E       assert 500 in (200, 201)
E        +  where 500 = <WrapperTestResponse streamed [500 INTERNAL SERVER ERROR]>.status_code

tests\test_auth_controller.py:19: AssertionError
------------------------------ Captured log call ------------------------------
ERROR    app:auth_controller.py:48 Erro ao registrar usußrio
Traceback (most recent call last):
  File "C:\Users\ana\Desktop\trabalho-conclusao-curso\backend\app\controllers\auth_controller.py", line 35, in register
    cur.execute(
    ~~~~~~~~~~~^
        """
        ^^^
    ...<3 lines>...
        (nome, email, senha_hash),
        ^^^^^^^^^^^^^^^^^^^^^^^^^^
    )
    ^
  File "C:\Users\ana\Desktop\trabalho-conclusao-curso\backend\venv\Lib\site-packages\mysql\connector\cursor.py", line 416, in execute
    self._connection.cmd_query(
    ~~~~~~~~~~~~~~~~~~~~~~~~~~^
        self._stmt_partition["mappable_stmt"],
        ^^^^^^^^^^^^^^^^^^^^^^^^^^^^^^^^^^^^^^
        read_timeout=self._read_timeout,
        ^^^^^^^^^^^^^^^^^^^^^^^^^^^^^^^^
        write_timeout=self._write_timeout,
        ^^^^^^^^^^^^^^^^^^^^^^^^^^^^^^^^^^
    )
    ^
  File "C:\Users\ana\Desktop\trabalho-conclusao-curso\backend\venv\Lib\site-packages\mysql\connector\opentelemetry\context_propagation.py", line 97, in wrapper
    return method(cnx, *args, **kwargs)
  File "C:\Users\ana\Desktop\trabalho-conclusao-curso\backend\venv\Lib\site-packages\mysql\connector\_decorating.py", line 89, in handle_cnx_method
    raise err
  File "C:\Users\ana\Desktop\trabalho-conclusao-curso\backend\venv\Lib\site-packages\mysql\connector\_decorating.py", line 85, in handle_cnx_method
    return cnx_method(cnx, *args, **kwargs)
  File "C:\Users\ana\Desktop\trabalho-conclusao-curso\backend\venv\Lib\site-packages\mysql\connector\connection.py", line 984, in cmd_query
    result = self._handle_result(
        self._send_cmd(
    ...<6 lines>...
        write_timeout,
    )
  File "C:\Users\ana\Desktop\trabalho-conclusao-curso\backend\venv\Lib\site-packages\mysql\connector\_decorating.py", line 89, in handle_cnx_method
    raise err
  File "C:\Users\ana\Desktop\trabalho-conclusao-curso\backend\venv\Lib\site-packages\mysql\connector\_decorating.py", line 85, in handle_cnx_method
    return cnx_method(cnx, *args, **kwargs)
  File "C:\Users\ana\Desktop\trabalho-conclusao-curso\backend\venv\Lib\site-packages\mysql\connector\connection.py", line 745, in _handle_result
    raise get_exception(packet)
mysql.connector.errors.ProgrammingError: 1054 (42S22): Unknown column 'senha_hash' in 'field list'
============================== warnings summary ===============================
tests/test_adoption_metrics_and_adopt.py::test_adoption_metrics
  C:\Users\ana\Desktop\trabalho-conclusao-curso\backend\app\api.py:611: DeprecationWarning: datetime.datetime.utcnow() is deprecated and scheduled for removal in a future version. Use timezone-aware objects to represent datetimes in UTC: datetime.datetime.now(datetime.UTC).
    end = datetime.utcnow().date()

-- Docs: https://docs.pytest.org/en/stable/how-to/capture-warnings.html
=============================== tests coverage ================================
_______________ coverage: platform win32, python 3.13.7-final-0 _______________

Name                                 Stmts   Miss  Cover
--------------------------------------------------------
app\__init__.py                         28      2    93%
app\api.py                             343    127    63%
app\controllers\auth_controller.py      81     51    37%
app\extensions\db.py                    55     11    80%
app\extensions\oauth.py                 29     17    41%
app\health.py                           24     17    29%
--------------------------------------------------------
TOTAL                                  560    225    60%
Coverage XML written to file coverage.xml
=========================== short test summary info ===========================
FAILED tests/test_animal_update.py::test_animal_crud_full_cycle - assert 500 ...
FAILED tests/test_animal_update_mock.py::test_animal_crud_full_cycle_mocked
FAILED tests/test_auth_and_health.py::test_auth_me_and_logout_session_based
FAILED tests/test_auth_controller.py::test_register_and_login - assert 500 in...
4 failed, 19 passed, 1 warning in 6.01s
